==2447== Memcheck, a memory error detector
==2447== Copyright (C) 2002-2017, and GNU GPL'd, by Julian Seward et al.
==2447== Using Valgrind-3.15.0 and LibVEX; rerun with -h for copyright info
==2447== Command: ./monty bytecodes/12.m
==2447== Parent PID: 2110
==2447== 
==2447== 
==2447== HEAP SUMMARY:
==2447==     in use at exit: 592 bytes in 2 blocks
==2447==   total heap usage: 13 allocs, 11 frees, 5,976 bytes allocated
==2447== 
==2447== LEAK SUMMARY:
==2447==    definitely lost: 0 bytes in 0 blocks
==2447==    indirectly lost: 0 bytes in 0 blocks
==2447==      possibly lost: 0 bytes in 0 blocks
==2447==    still reachable: 592 bytes in 2 blocks
==2447==         suppressed: 0 bytes in 0 blocks
==2447== Reachable blocks (those to which a pointer was found) are not shown.
==2447== To see them, rerun with: --leak-check=full --show-leak-kinds=all
==2447== 
==2447== For lists of detected and suppressed errors, rerun with: -s
==2447== ERROR SUMMARY: 0 errors from 0 contexts (suppressed: 0 from 0)
